// Vitest Snapshot v1

exports[`renders for album 1`] = `<span class="cover" style="background-image: url(undefined/resources/assets/img/covers/default.svg);" data-testid="album-artist-thumbnail" data-v-e37470a2=""><img alt="IV" src="https://test/album.jpg" loading="lazy" data-v-e37470a2=""><a class="control control-play" href="" role="button" data-v-e37470a2=""><span class="hidden" data-v-e37470a2="">Play all songs in the album IV</span><span class="icon" data-v-e37470a2=""></span></a></span>`;

exports[`renders for artist 1`] = `<span class="cover" style="background-image: url(undefined/resources/assets/img/covers/default.svg);" data-testid="album-artist-thumbnail" data-v-e37470a2=""><img alt="Led Zeppelin" src="https://test/blimp.jpg" loading="lazy" data-v-e37470a2=""><a class="control control-play" href="" role="button" data-v-e37470a2=""><span class="hidden" data-v-e37470a2="">Play all songs by Led Zeppelin</span><span class="icon" data-v-e37470a2=""></span></a></span>`;
