// Vitest Snapshot v1

exports[`renders 1`] = `<transition-stub data-v-7be58792="" name="fade" appear="false" persisted="true" css="true"><button data-v-7be58792="" title="Scroll to top" type="button" style="display: none;"><br data-v-7be58792="" data-testid="Icon" icon="[object Object]">&nbsp; Top </button></transition-stub>`;
