// Vitest Snapshot v1

exports[`renders 1`] = `<transition-stub name="fade" appear="false" persisted="true" css="true" data-v-e7b6c7f6=""><button title="Scroll to top" type="button" data-v-e7b6c7f6="" style="display: none;"><br data-testid="icon" icon="[object Object]" data-v-e7b6c7f6="">&nbsp; Top </button></transition-stub>`;
