// Vitest Snapshot v1

exports[`renders 1`] = `
<article data-v-22adf296="" id="lyrics">
  <div data-v-22adf296="" class="content">
    <div data-v-22adf296=""><pre data-v-22adf296="" style="font-size: 1rem;">Foo bar baz qux</pre><span data-v-fcc3eddd="" data-v-22adf296="" class="magnifier"><button data-v-fcc3eddd="" title="Zoom out" type="button"><br data-v-fcc3eddd="" data-testid="Icon" icon="[object Object]"></button><button data-v-fcc3eddd="" title="Zoom in" type="button"><br data-v-fcc3eddd="" data-testid="Icon" icon="[object Object]"></button></span></div>
    <!--v-if-->
  </div>
</article>
`;
