// Vitest Snapshot v1

exports[`renders and functions 1`] = `<span data-v-fcc3eddd="" class="flex transition-opacity duration-200"><button data-v-fcc3eddd="" class="!rounded-l !border-r-0" title="Zoom out" type="button"><br data-v-fcc3eddd="" data-testid="Icon" icon="[object Object]"></button><button data-v-fcc3eddd="" class="!rounded-r" title="Zoom in" type="button"><br data-v-fcc3eddd="" data-testid="Icon" icon="[object Object]"></button></span>`;
