// Vitest Snapshot v1

exports[`renders 1`] = `
<div class="message success" title="Click to dismiss" data-v-f05fd058="">
  <aside data-v-f05fd058=""><br data-testid="icon" icon="[object Object]" class="icon" data-v-f05fd058=""><br data-testid="icon" icon="[object Object]" class="icon-dismiss" data-v-f05fd058=""></aside>
  <main data-v-f05fd058=""></main>
</div>
`;
