// Vitest Snapshot v1, https://vitest.dev/guide/snapshot.html

exports[`playIcon.vue > renders pause state when playing 1`] = `<span class="play-icon absolute flex opacity-0 no-hover:opacity-100 items-center justify-center w-[32px] aspect-square rounded-full top-1/2 left-1/2 -translate-x-1/2 -translate-y-1/2 bg-k-highlight group-hover:opacity-100 duration-500 transition z-20" aria-hidden="true"><br data-testid="Icon" icon="[object Object]" class="text-k-highlight-fg" size="lg"></span>`;

exports[`playIcon.vue > renders play state by default 1`] = `<span class="play-icon absolute flex opacity-0 no-hover:opacity-100 items-center justify-center w-[32px] aspect-square rounded-full top-1/2 left-1/2 -translate-x-1/2 -translate-y-1/2 bg-k-highlight group-hover:opacity-100 duration-500 transition z-20" aria-hidden="true"><br data-testid="Icon" icon="[object Object]" class="ml-0.5 text-k-highlight-fg" size="lg"></span>`;
