// Vitest Snapshot v1

exports[`renders list mode 1`] = `<span class="view-modes" data-v-0c4113b0=""><label class="thumbnails" data-testid="view-mode-thumbnail" title="View as thumbnails" data-v-0c4113b0=""><input class="hidden" name="view-mode" type="radio" value="thumbnails" data-v-0c4113b0=""><i class="fa fa-th-large" data-v-0c4113b0=""></i><span class="hidden" data-v-0c4113b0="">View as thumbnails</span></label><label class="active list" data-testid="view-mode-list" title="View as list" data-v-0c4113b0=""><input class="hidden" name="view-mode" type="radio" value="list" data-v-0c4113b0=""><i class="fa fa-list" data-v-0c4113b0=""></i><span class="hidden" data-v-0c4113b0="">View as list</span></label></span>`;

exports[`renders thumbnails mode 1`] = `<span class="view-modes" data-v-0c4113b0=""><label class="active thumbnails" data-testid="view-mode-thumbnail" title="View as thumbnails" data-v-0c4113b0=""><input class="hidden" name="view-mode" type="radio" value="thumbnails" data-v-0c4113b0=""><i class="fa fa-th-large" data-v-0c4113b0=""></i><span class="hidden" data-v-0c4113b0="">View as thumbnails</span></label><label class="list" data-testid="view-mode-list" title="View as list" data-v-0c4113b0=""><input class="hidden" name="view-mode" type="radio" value="list" data-v-0c4113b0=""><i class="fa fa-list" data-v-0c4113b0=""></i><span class="hidden" data-v-0c4113b0="">View as list</span></label></span>`;
