// Vitest Snapshot v1

exports[`renders list mode 1`] = `<span class="view-modes" data-v-d5772cd7=""><label class="thumbnails" data-testid="view-mode-thumbnail" title="View as thumbnails" data-v-d5772cd7=""><input class="hidden" name="view-mode" type="radio" value="thumbnails" data-v-d5772cd7=""><br data-testid="icon" icon="[object Object]" data-v-d5772cd7=""><span class="hidden" data-v-d5772cd7="">View as thumbnails</span></label><label class="active list" data-testid="view-mode-list" title="View as list" data-v-d5772cd7=""><input class="hidden" name="view-mode" type="radio" value="list" data-v-d5772cd7=""><br data-testid="icon" icon="[object Object]" data-v-d5772cd7=""><span class="hidden" data-v-d5772cd7="">View as list</span></label></span>`;

exports[`renders thumbnails mode 1`] = `<span class="view-modes" data-v-d5772cd7=""><label class="active thumbnails" data-testid="view-mode-thumbnail" title="View as thumbnails" data-v-d5772cd7=""><input class="hidden" name="view-mode" type="radio" value="thumbnails" data-v-d5772cd7=""><br data-testid="icon" icon="[object Object]" data-v-d5772cd7=""><span class="hidden" data-v-d5772cd7="">View as thumbnails</span></label><label class="list" data-testid="view-mode-list" title="View as list" data-v-d5772cd7=""><input class="hidden" name="view-mode" type="radio" value="list" data-v-d5772cd7=""><br data-testid="icon" icon="[object Object]" data-v-d5772cd7=""><span class="hidden" data-v-d5772cd7="">View as list</span></label></span>`;
