// Vitest Snapshot v1

exports[`mutes and unmutes 1`] = `<span id="volume" class="volume loud"><span role="button" tabindex="0" title="Unmute" style="display: none;"><br data-testid="icon" icon="[object Object]" fixed-width=""></span><span role="button" tabindex="0" title="Mute"><br data-testid="icon" icon="[object Object]" fixed-width=""></span><input id="volumeInput" class="plyr__volume" max="10" role="slider" step="0.1" title="Volume" type="range"></span>`;

exports[`mutes and unmutes 2`] = `<span id="volume" class="volume muted"><span role="button" tabindex="0" title="Unmute" style=""><br data-testid="icon" icon="[object Object]" fixed-width=""></span><span role="button" tabindex="0" title="Mute" style="display: none;"><br data-testid="icon" icon="[object Object]" fixed-width=""></span><input id="volumeInput" class="plyr__volume" max="10" role="slider" step="0.1" title="Volume" type="range"></span>`;

exports[`mutes and unmutes 3`] = `<span id="volume" class="volume loud"><span role="button" tabindex="0" title="Unmute" style="display: none;"><br data-testid="icon" icon="[object Object]" fixed-width=""></span><span role="button" tabindex="0" title="Mute" style=""><br data-testid="icon" icon="[object Object]" fixed-width=""></span><input id="volumeInput" class="plyr__volume" max="10" role="slider" step="0.1" title="Volume" type="range"></span>`;
