// Vitest Snapshot v1

exports[`mutes and unmutes 1`] = `<span data-v-c7afcfc4="" id="volume" class="muted hidden md:flex relative items-center gap-2"><button data-v-c7afcfc4="" class="transition-[color] duration-200 ease-in-out text-k-text-secondary hover:text-k-text-primary" type="button" tabindex="0" title="Unmute"><br data-v-c7afcfc4="" data-testid="Icon" icon="[object Object]" fixed-width=""></button><button data-v-c7afcfc4="" class="transition-[color] duration-200 ease-in-out text-k-text-secondary hover:text-k-text-primary" type="button" tabindex="0" title="Mute" style="display: none;"><br data-v-c7afcfc4="" data-testid="Icon" icon="[object Object]" fixed-width=""></button><input data-v-c7afcfc4="" class="plyr__volume !w-[120px] before:absolute before:left-0 before:right-0 before:top-[-12px] before:bottom-[-12px]" max="10" role="slider" step="0.1" title="Volume" type="range"></span>`;

exports[`mutes and unmutes 2`] = `<span data-v-c7afcfc4="" id="volume" class="muted hidden md:flex relative items-center gap-2"><button data-v-c7afcfc4="" class="transition-[color] duration-200 ease-in-out text-k-text-secondary hover:text-k-text-primary" type="button" tabindex="0" title="Unmute" style=""><br data-v-c7afcfc4="" data-testid="Icon" icon="[object Object]" fixed-width=""></button><button data-v-c7afcfc4="" class="transition-[color] duration-200 ease-in-out text-k-text-secondary hover:text-k-text-primary" type="button" tabindex="0" title="Mute" style="display: none;"><br data-v-c7afcfc4="" data-testid="Icon" icon="[object Object]" fixed-width=""></button><input data-v-c7afcfc4="" class="plyr__volume !w-[120px] before:absolute before:left-0 before:right-0 before:top-[-12px] before:bottom-[-12px]" max="10" role="slider" step="0.1" title="Volume" type="range"></span>`;

exports[`mutes and unmutes 3`] = `<span data-v-c7afcfc4="" id="volume" class="loud hidden md:flex relative items-center gap-2"><button data-v-c7afcfc4="" class="transition-[color] duration-200 ease-in-out text-k-text-secondary hover:text-k-text-primary" type="button" tabindex="0" title="Unmute" style="display: none;"><br data-v-c7afcfc4="" data-testid="Icon" icon="[object Object]" fixed-width=""></button><button data-v-c7afcfc4="" class="transition-[color] duration-200 ease-in-out text-k-text-secondary hover:text-k-text-primary" type="button" tabindex="0" title="Mute" style=""><br data-v-c7afcfc4="" data-testid="Icon" icon="[object Object]" fixed-width=""></button><input data-v-c7afcfc4="" class="plyr__volume !w-[120px] before:absolute before:left-0 before:right-0 before:top-[-12px] before:bottom-[-12px]" max="10" role="slider" step="0.1" title="Volume" type="range"></span>`;
