// Vitest Snapshot v1

exports[`mutes and unmutes 1`] = `<span data-v-c7afcfc4="" id="volume" class="volume muted"><span data-v-c7afcfc4="" role="button" tabindex="0" title="Unmute"><br data-v-c7afcfc4="" data-testid="Icon" icon="[object Object]" fixed-width=""></span><span data-v-c7afcfc4="" role="button" tabindex="0" title="Mute" style="display: none;"><br data-v-c7afcfc4="" data-testid="Icon" icon="[object Object]" fixed-width=""></span><input data-v-c7afcfc4="" class="plyr__volume" max="10" role="slider" step="0.1" title="Volume" type="range"></span>`;

exports[`mutes and unmutes 2`] = `<span data-v-c7afcfc4="" id="volume" class="volume muted"><span data-v-c7afcfc4="" role="button" tabindex="0" title="Unmute" style=""><br data-v-c7afcfc4="" data-testid="Icon" icon="[object Object]" fixed-width=""></span><span data-v-c7afcfc4="" role="button" tabindex="0" title="Mute" style="display: none;"><br data-v-c7afcfc4="" data-testid="Icon" icon="[object Object]" fixed-width=""></span><input data-v-c7afcfc4="" class="plyr__volume" max="10" role="slider" step="0.1" title="Volume" type="range"></span>`;

exports[`mutes and unmutes 3`] = `<span data-v-c7afcfc4="" id="volume" class="volume loud"><span data-v-c7afcfc4="" role="button" tabindex="0" title="Unmute" style="display: none;"><br data-v-c7afcfc4="" data-testid="Icon" icon="[object Object]" fixed-width=""></span><span data-v-c7afcfc4="" role="button" tabindex="0" title="Mute" style=""><br data-v-c7afcfc4="" data-testid="Icon" icon="[object Object]" fixed-width=""></span><input data-v-c7afcfc4="" class="plyr__volume" max="10" role="slider" step="0.1" title="Volume" type="range"></span>`;
