// Vitest Snapshot v1

exports[`renders 1`] = `
<a data-v-fd1eda6f="" href="https://youtu.be/cLgJQ8Zj3AA" data-testid="youtube-search-result" role="button"><img data-v-fd1eda6f="" alt="Guess what it is" src="https://i.ytimg.com/an_webp/cLgJQ8Zj3AA/mqdefault_6s.webp" width="90">
  <div data-v-fd1eda6f="" class="meta">
    <h3 data-v-fd1eda6f="" class="title">Guess what it is</h3>
    <p data-v-fd1eda6f="" class="desc">From the LA Opening Gala 2014: John Williams Celebration</p>
  </div>
</a>
`;
