// Vitest Snapshot v1

exports[`renders 1`] = `
<a href="https://youtu.be/cLgJQ8Zj3AA" data-testid="youtube-search-result" role="button" data-v-fd1eda6f=""><img alt="Guess what it is" src="https://i.ytimg.com/an_webp/cLgJQ8Zj3AA/mqdefault_6s.webp" width="90" data-v-fd1eda6f="">
  <div class="meta" data-v-fd1eda6f="">
    <h3 class="title" data-v-fd1eda6f="">Guess what it is</h3>
    <p class="desc" data-v-fd1eda6f="">From the LA Opening Gala 2014: John Williams Celebration</p>
  </div>
</a>
`;
