// Vitest Snapshot v1

exports[`renders 1`] = `"<div class=\\"canceled upload-item\\" title=\\"\\" data-v-ad447c04=\\"\\"><span style=\\"width: 42%;\\" class=\\"progress\\" data-v-ad447c04=\\"\\"></span><span class=\\"details\\" data-v-ad447c04=\\"\\"><span class=\\"name\\" data-v-ad447c04=\\"\\">Sample Track</span><span class=\\"controls\\" data-v-ad447c04=\\"\\"><button type=\\"button\\" icon-only=\\"\\" title=\\"Retry\\" transparent=\\"\\" unrounded=\\"\\" data-v-27deb898=\\"\\" data-v-ad447c04=\\"\\"><i class=\\"fa fa-repeat\\" data-v-ad447c04=\\"\\"></i></button><button type=\\"button\\" icon-only=\\"\\" title=\\"Remove\\" transparent=\\"\\" unrounded=\\"\\" data-v-27deb898=\\"\\" data-v-ad447c04=\\"\\"><i class=\\"fa fa-times\\" data-v-ad447c04=\\"\\"></i></button></span></span></div>"`;
