// Vitest Snapshot v1

exports[`renders 1`] = `<div class="canceled upload-item" title="" data-v-c7c7e2e2=""><span style="width: 42%;" class="progress" data-v-c7c7e2e2=""></span><span class="details" data-v-c7c7e2e2=""><span class="name" data-v-c7c7e2e2="">Sample Track</span><span class="controls" data-v-c7c7e2e2=""><button type="button" icon-only="" title="Retry" transparent="" unrounded="" data-v-e368fe26="" data-v-c7c7e2e2=""><br data-testid="icon" icon="[object Object]" data-v-c7c7e2e2=""></button><button type="button" icon-only="" title="Remove" transparent="" unrounded="" data-v-e368fe26="" data-v-c7c7e2e2=""><br data-testid="icon" icon="[object Object]" data-v-c7c7e2e2=""></button></span></span></div>`;
