// Vitest Snapshot v1, https://vitest.dev/guide/snapshot.html

exports[`uploadItem.vue > renders 1`] = `
<article data-v-c7c7e2e2="" class="upload-item relative">
  <div data-v-c7c7e2e2="" class="canceled h-full w-full min-h-[32px] bg-k-fg-5 relative rounded-lg overflow-hidden">
    <div data-v-c7c7e2e2="" class="absolute z-1 h-full w-full flex items-center">
      <!--v-if--><span data-v-c7c7e2e2="" class="name min-w-0 flex-1 overflow-hidden whitespace-nowrap px-4 [mask-image:linear-gradient(to_right,black_calc(100%-3rem),transparent)]">Sample Track</span><span data-v-c7c7e2e2="" class="min-w-0 truncate px-4 text-k-fg-50" data-testid="upload-item-reason"></span>
      <!--v-if-->
      <!--v-if--><button data-v-8943c846="" data-v-c7c7e2e2="" data-variant="success" class="text-base text-white border border-transparent bg-k-primary px-3.5 py-2 rounded-sm cursor-pointer h-full px-4!" type="button" icon-only="" title="Retry" unrounded=""><br data-v-c7c7e2e2="" data-testid="Icon" icon="[object Object]"></button><button data-v-8943c846="" data-v-c7c7e2e2="" data-variant="destructive" class="text-base text-white border border-transparent bg-k-primary px-3.5 py-2 rounded-sm cursor-pointer h-full px-4!" type="button" icon-only="" title="Remove" unrounded=""><br data-v-c7c7e2e2="" data-testid="Icon" icon="[object Object]"></button>
      <!--v-if-->
      <!--v-if-->
    </div>
  </div>
</article>
`;
