// Vitest Snapshot v1, https://vitest.dev/guide/snapshot.html

exports[`qRLogin.vue > renders 1`] = `
<article> Instead of using a password, you can scan the QR code below to log in to <a href="https://koel.dev/#mobile" target="_blank">Koel Player</a> on your mobile device.<br> The QR code refreshes every minute.
  <!--v-if-->
</article>
`;
