// Vitest Snapshot v1

exports[`renders 1`] = `<article class="text-k-text-secondary"> Instead of using a password, you can scan the QR code below to log in to <a href="https://koel.dev/#mobile" target="_blank" class="text-k-highlight">Koel Player</a> on your mobile device.<br> The QR code will refresh every 10 minutes. <img class="mt-4 rounded-4" src="data:image/png;base64,my-qr-code" alt="QR Code" width="192" height="192"></article>`;
