// Vitest Snapshot v1

exports[`renders 1`] = `<article class="text-k-text-secondary"> Instead of using a password, you can scan the QR code below to log in to <a class="text-k-highlight" href="https://koel.dev/#mobile" target="_blank">Koel Player</a> on your mobile device.<br> The QR code will refresh every 10 minutes. <img src="data:image/png;base64,my-qr-code" alt="QR Code" class="mt-4 rounded-4" height="192" width="192"></article>`;
