// Vitest Snapshot v1

exports[`renders 1`] = `<article data-v-1467c50f="" class="theme h-[96px] bg-center bg-cover relative cursor-pointer rounded-lg overflow-hidden border-2 border-solid border-white/10 transition duration-300 hover:border-white/50]" style="background-color: rgb(255, 0, 0);" title="Set current theme to Sample"><button data-v-1467c50f="" type="button" class="opacity-0 hover:opacity-100 absolute h-full w-full top-0 left-0 flex items-center justify-center text-lg transition-opacity bg-black/20">Sample</button></article>`;
