// Vitest Snapshot v1

exports[`renders 1`] = `<span class="profile" id="userBadge"><a class="view-profile" data-testid="view-profile-link" href="/#!/profile" title="View/edit user profile"><img alt="Avatar of John Doe" src="https://gravatar.com/foo" class="avatar"><span class="name">John Doe</span></a><a title="Log out" class="logout control" data-testid="btn-logout" href="" role="button"><i class="fa fa-sign-out"></i></a></span>`;
