// Vitest Snapshot v1, https://vitest.dev/guide/snapshot.html

exports[`themeCard.vue > renders 1`] = `
<article data-v-a32b02e1="" title="Set current theme to Sample" class="theme h-[96px] relative cursor-pointer rounded-lg transition duration-300 shadow-lg" data-testid="theme-card">
  <div data-v-07fc2ee9="" data-v-a32b02e1="" class="gradient-border relative overflow-hidden h-full rounded-[inherit]">
    <div data-v-a32b02e1="" class="thumbnail relative h-full bg-center bg-cover rounded-[inherit]"><button data-v-a32b02e1="" class="opacity-0 hover:opacity-100 absolute h-full rounded-[inherit] w-full top-0 left-0 flex items-center justify-center text-lg transition-opacity bg-k-bg-70 text-k-fg!" type="button">Sample</button></div>
  </div>
  <!--v-if-->
</article>
`;
