// Vitest Snapshot v1

exports[`renders 1`] = `
<form class="" data-testid="login-form" data-v-0b0f87ea="">
  <div class="logo" data-v-0b0f87ea=""><img alt="Koel's logo" src="undefined/resources/assets/img/logo.svg" width="156" data-v-0b0f87ea=""></div><input autofocus="" placeholder="Email Address" required="" type="email" data-v-0b0f87ea=""><input placeholder="Password" required="" type="password" data-v-0b0f87ea=""><button type="submit" data-v-e368fe26="" data-v-0b0f87ea="">Log In</button>
</form>
`;
