// Vitest Snapshot v1

exports[`renders for album 1`] = `<div data-v-40f79232="" class="thumbnail relative w-full aspect-square bg-no-repeat bg-cover bg-center overflow-hidden rounded-md after:block after:pt-[100%]" style="background-image: url(undefined/resources/assets/img/covers/default.svg);" data-testid="album-artist-thumbnail"><img data-v-40f79232="" alt="IV" src="https://test/album.jpg" class="w-full h-full object-cover absolute left-0 top-0 pointer-events-none before:absolute before:w-full before:h-full before:opacity-0 before:z-[1] before-top-0" loading="lazy"><a data-v-40f79232="" class="control control-play h-full w-full absolute flex justify-center items-center" role="button"><span data-v-40f79232="" class="hidden">Play all songs in the album IV</span><span data-v-40f79232="" class="icon opacity-0 w-1/2 h-1/2 flex justify-center items-center pointer-events-none pl-[4%] rounded-full after:w-full after:h-full"></span></a></div>`;

exports[`renders for artist 1`] = `<div data-v-40f79232="" class="thumbnail relative w-full aspect-square bg-no-repeat bg-cover bg-center overflow-hidden rounded-md after:block after:pt-[100%]" style="background-image: url(undefined/resources/assets/img/covers/default.svg);" data-testid="album-artist-thumbnail"><img data-v-40f79232="" alt="Led Zeppelin" src="https://test/blimp.jpg" class="w-full h-full object-cover absolute left-0 top-0 pointer-events-none before:absolute before:w-full before:h-full before:opacity-0 before:z-[1] before-top-0" loading="lazy"><a data-v-40f79232="" class="control control-play h-full w-full absolute flex justify-center items-center" role="button"><span data-v-40f79232="" class="hidden">Play all songs by Led Zeppelin</span><span data-v-40f79232="" class="icon opacity-0 w-1/2 h-1/2 flex justify-center items-center pointer-events-none pl-[4%] rounded-full after:w-full after:h-full"></span></a></div>`;
