// Vitest Snapshot v1

exports[`renders 1`] = `<span data-v-cf9b67d8="" class="btn-group tw-inline-block tw-relative tw-flex-nowrap"><button data-v-8943c846="" class="inset-when-pressed tw-text-base tw-px-4 tw-py-2 tw-rounded tw-cursor-pointer">Green</button><button data-v-8943c846="" class="inset-when-pressed tw-text-base tw-px-4 tw-py-2 tw-rounded tw-cursor-pointer">Orange</button><button data-v-8943c846="" class="inset-when-pressed tw-text-base tw-px-4 tw-py-2 tw-rounded tw-cursor-pointer">Blue</button></span>`;
