// Vitest Snapshot v1, https://vitest.dev/guide/snapshot.html

exports[`genreContextMenu.vue > renders 1`] = `
<ul>
  <li class="focus:outline-none focus:bg-k-highlight focus:text-k-highlight-fg" tabindex="-1">
    <!--v-if--><span class="label flex-1 overflow-hidden max-w-40 text-ellipsis">Play</span>
    <!--v-if-->
    <!--v-if-->
  </li>
  <li class="focus:outline-none focus:bg-k-highlight focus:text-k-highlight-fg" tabindex="-1">
    <!--v-if--><span class="label flex-1 overflow-hidden max-w-40 text-ellipsis">Shuffle</span>
    <!--v-if-->
    <!--v-if-->
  </li>
  <li class="focus:outline-none focus:bg-k-highlight focus:text-k-highlight-fg" tabindex="-1">
    <!--v-if--><span class="label flex-1 overflow-hidden max-w-40 text-ellipsis">Add to Queue</span>
    <!--v-if-->
    <!--v-if-->
  </li>
</ul>
`;
