// Vitest Snapshot v1

exports[`renders 1`] = `
<section id="artistWrapper" data-v-dceda15c="">
  <!--v-if-->
  <header class="screen-header expanded" data-v-dceda15c="">
    <aside class="thumbnail-wrapper"><span class="cover" data-testid="album-artist-thumbnail" data-v-901ba52c="" data-v-dceda15c=""><a class="control control-play" href="" role="button" data-v-901ba52c=""><span class="hidden" data-v-901ba52c="">Play all songs by Led Zeppelin</span><span class="icon" data-v-901ba52c=""></span></a></span></aside>
    <main>
      <div class="heading-wrapper">
        <h1 class="name">Led Zeppelin
          <!--v-if-->
        </h1><span class="meta text-secondary"><span data-v-dceda15c="">12 albums</span><span data-v-dceda15c="">53 songs</span><span data-v-dceda15c="">11:16:43</span><a class="info" href="" title="View artist information" data-v-dceda15c="">Info</a><a class="download" href="" role="button" title="Download all songs by this artist" data-v-dceda15c=""> Download All </a></span>
      </div>
      <div class="song-list-controls" data-testid="song-list-controls" data-v-cee28c08="" data-v-dceda15c=""><span class="btn-group" uppercased="" data-v-cee28c08=""><button type="button" class="btn-shuffle-all" data-testid="btn-shuffle-all" orange="" title="Shuffle all songs" data-v-27deb898="" data-v-cee28c08=""><br data-testid="icon" icon="[object Object]" data-v-cee28c08=""> All </button><!--v-if--><!--v-if--><!--v-if--><!--v-if--></span>
        <div class="add-to" data-testid="add-to-menu" tabindex="0" data-v-0351ff38="" data-v-cee28c08="" style="display: none;">
          <section class="existing-playlists" data-v-0351ff38="">
            <p data-v-0351ff38="">Add 0 songs to</p>
            <ul data-v-0351ff38="">
              <li data-testid="queue" tabindex="0" data-v-0351ff38="">Queue</li>
              <li class="favorites" data-testid="add-to-favorites" tabindex="0" data-v-0351ff38=""> Favorites </li>
            </ul>
          </section>
          <section class="new-playlist" data-testid="new-playlist" data-v-0351ff38="">
            <p data-v-0351ff38="">or create a new playlist</p>
            <form class="form-save form-simple form-new-playlist" data-v-0351ff38=""><input data-testid="new-playlist-name" placeholder="Playlist name" required="" type="text" data-v-0351ff38=""><button type="submit" title="Save" data-v-27deb898="" data-v-0351ff38="">⏎</button></form>
          </section>
        </div>
      </div>
    </main>
  </header><br data-testid="song-list" data-v-dceda15c="">
  <!--v-if-->
</section>
`;
