// Vitest Snapshot v1

exports[`renders 1`] = `
<section id="artistWrapper" data-v-dceda15c="">
  <header class="screen-header collapsed" data-v-dceda15c="">
    <div class="thumbnail-wrapper"><span class="cover" data-testid="album-artist-thumbnail" data-v-901ba52c="" data-v-dceda15c=""><a class="control control-play" href="" role="button" data-v-901ba52c=""><span class="hidden" data-v-901ba52c="">Play all songs by Led Zeppelin</span><span class="icon" data-v-901ba52c=""></span></a></span></div>
    <div class="right">
      <div class="heading-wrapper">
        <h1 class="name">Led Zeppelin
          <!--v-if-->
        </h1><span class="meta text-secondary"><span data-v-dceda15c="">12 albums</span><span data-v-dceda15c="">53 songs</span><span data-v-dceda15c="">11:16:43</span><a class="info" href="" title="View artist information" data-v-dceda15c="">Info</a><a class="download" href="" role="button" title="Download all songs by this artist" data-v-dceda15c=""> Download All </a></span>
      </div>
    </div>
  </header><br data-testid="song-list" data-v-dceda15c="">
  <!--v-if-->
</section>
`;
