// Vitest Snapshot v1

exports[`renders 1`] = `
<section data-v-dcfb8776="" class="tw-max-h-full tw-min-h-full tw-w-full tw-flex tw-flex-col tw-transform-gpu">
  <header data-v-5691beb5="" class="screen-header tw-min-h-0 md:tw-min-h-full tw-flex tw-items-end tw-flex-shrink-0 tw-relative tw-content-stretch tw-leading-normal tw-p-6 expanded">
    <aside data-v-5691beb5="" class="thumbnail-wrapper tw-hidden md:tw-block tw-overflow-hidden tw-w-0 tw-rounded-md"></aside>
    <main data-v-5691beb5="" class="tw-flex tw-flex-1 tw-gap-5 tw-items-center tw-overflow-hidden">
      <div data-v-5691beb5="" class="tw-w-full tw-flex-1 tw-overflow-hidden">
        <h1 data-v-5691beb5="" class="name tw-overflow-hidden tw-whitespace-nowrap tw-text-ellipsis tw-mr-4 tw-font-thin md:tw-font-bold tw-my-0 tw-leading-tight">Settings</h1><span data-v-5691beb5="" class="meta text-secondary tw-hidden tw-text-[0.9rem] tw-leading-loose"></span>
      </div>
    </main>
  </header>
  <main data-v-dcfb8776="" class="tw-overflow-scroll tw-flex tw-flex-col tw-b-16 md:tw-b-6 tw-p-6 tw-flex-1 tw-place-content-start">
    <form class="tw-space-y-6"><label class="tw-flex tw-flex-col tw-gap-2 tw-text-[1.1rem]"><span>Media Path</span><input data-v-2ca3bb69="" class="tw-text-base tw-w-full tw-px-4 tw-py-2.5 tw-rounded tw-w-full md:!tw-w-2/3" type="text" aria-describedby="mediaPathHelp" name="media_path"><span class="tw-text-[.95rem] tw-opacity-70 tw-mt-1.5"><span id="mediaPathHelp"> The <em>absolute</em> path to the server directory containing your media. Koel will scan this directory for songs and extract any available information.<br> Scanning may take a while, especially if you have a lot of songs, so be patient. </span></span></label><label class="tw-flex tw-flex-col tw-gap-2 tw-text-[1.1rem]">
        <!--v-if-->
        <div><button data-v-8943c846="" class="inset-when-pressed tw-text-base tw-px-4 tw-py-2 tw-rounded tw-cursor-pointer" type="submit">Scan</button></div>
        <!--v-if-->
      </label></form>
  </main>
</section>
`;
