// Vitest Snapshot v1

exports[`renders 1`] = `
<section data-v-dcfb8776="" class="max-h-full min-h-full w-full flex flex-col transform-gpu">
  <header data-v-5691beb5="" class="screen-header min-h-0 md:min-h-full flex items-end flex-shrink-0 relative content-stretch leading-normal p-6 border-b border-b-k-bg-secondary expanded">
    <!--v-if-->
    <main data-v-5691beb5="" class="flex flex-1 gap-5 items-center overflow-hidden">
      <div data-v-5691beb5="" class="w-full flex-1 overflow-hidden">
        <h1 data-v-5691beb5="" class="name overflow-hidden whitespace-nowrap text-ellipsis mr-4 font-thin md:font-bold my-0 leading-tight">Settings</h1>
        <!--v-if-->
      </div>
    </main>
  </header>
  <main data-v-dcfb8776="" class="overflow-scroll flex flex-col b-16 md:b-6 p-6 flex-1 place-content-start">
    <form class="space-y-6"><label class="flex flex-col gap-2 text-[1.1rem]"><span>Media Path</span><input class="block text-base w-full px-4 py-2.5 rounded bg-k-bg-input text-k-text-input read-only:bg-gray-400 read-only:text-gray-900 disabled:bg-gray-400 disabled:text-gray-900 w-full md:!w-2/3" type="text" aria-describedby="mediaPathHelp" name="media_path" placeholder="/path/to/your/music"><span class="text-[.95rem] opacity-70 mt-1.5"><span id="mediaPathHelp"> The <em>absolute</em> path to the server directory containing your media. Koel will scan this directory for songs and extract any available information.<br> Scanning may take a while, especially if you have a lot of songs, so be patient. </span></span></label><label class="flex flex-col gap-2 text-[1.1rem]">
        <!--v-if-->
        <div><button data-v-8943c846="" class="text-base text-k-text-primary bg-k-primary px-4 py-2.5 rounded cursor-pointer" type="submit" data-testid="submit">Scan</button></div>
        <!--v-if-->
      </label></form>
  </main>
</section>
`;
