// Vitest Snapshot v1, https://vitest.dev/guide/snapshot.html

exports[`artistContextMenu.vue > renders 1`] = `
<ul>
  <li class="">
    <!--v-if-->Play All
    <!--v-if-->
  </li>
  <li class="">
    <!--v-if-->Shuffle All
    <!--v-if-->
  </li>
  <li class="separator"></li>
  <li class="">
    <!--v-if-->Favorite
    <!--v-if-->
  </li>
  <!--v-if-->
  <li class="separator"></li>
  <li class="">
    <!--v-if-->Download
    <!--v-if-->
  </li>
  <li class="separator"></li>
  <li class="">
    <!--v-if-->Embed…
    <!--v-if-->
  </li>
</ul>
`;
