// Vitest Snapshot v1, https://vitest.dev/guide/snapshot.html

exports[`artistContextMenu.vue > renders 1`] = `
<ul>
  <li class="focus:outline-none focus:bg-k-highlight focus:text-k-highlight-fg" tabindex="-1">
    <!--v-if--><span class="label flex-1 overflow-hidden max-w-40 text-ellipsis">Play All</span>
    <!--v-if-->
    <!--v-if-->
  </li>
  <li class="focus:outline-none focus:bg-k-highlight focus:text-k-highlight-fg" tabindex="-1">
    <!--v-if--><span class="label flex-1 overflow-hidden max-w-40 text-ellipsis">Shuffle All</span>
    <!--v-if-->
    <!--v-if-->
  </li>
  <li class="separator"></li>
  <li class="focus:outline-none focus:bg-k-highlight focus:text-k-highlight-fg" tabindex="-1">
    <!--v-if--><span class="label flex-1 overflow-hidden max-w-40 text-ellipsis">Favorite</span>
    <!--v-if-->
    <!--v-if-->
  </li>
  <!--v-if-->
  <li class="separator"></li>
  <li class="focus:outline-none focus:bg-k-highlight focus:text-k-highlight-fg" tabindex="-1">
    <!--v-if--><span class="label flex-1 overflow-hidden max-w-40 text-ellipsis">Download</span>
    <!--v-if-->
    <!--v-if-->
  </li>
  <li class="separator"></li>
  <li class="focus:outline-none focus:bg-k-highlight focus:text-k-highlight-fg" tabindex="-1">
    <!--v-if--><span class="label flex-1 overflow-hidden max-w-40 text-ellipsis">Embed…</span>
    <!--v-if-->
    <!--v-if-->
  </li>
</ul>
`;
