// Vitest Snapshot v1

exports[`renders 1`] = `<li data-v-7589e0e3="" class="relative before:right-0 px-6 before:top-1/4 before:w-[4px] before:h-1/2 before:absolute before:rounded-full before:transition-[box-shadow,_background-color] before:ease-in-out before:duration-500" data-testid="sidebar-item"><a data-v-7589e0e3="" href="#/youtube" class="flex items-center overflow-x-hidden gap-3 h-11 relative active:pt-0.5 active:pr-0 active:pb-0 active:pl-0.5 !text-k-text-secondary hover:!text-k-text-primary"><span data-v-7589e0e3="" class="opacity-70"><br data-testid="Icon" icon="[object Object]" fixed-width=""></span><span data-v-7589e0e3="" class="overflow-hidden text-ellipsis whitespace-nowrap">Another One Bites the Dust</span></a></li>`;
