// Vitest Snapshot v1

exports[`renders 1`] = `
<div data-v-da281390="" class="track-list-item tw-flex tw-flex-1 tw-gap-1" title="" tabindex="0"><span data-v-da281390="" class="tw-flex-1">Fahrstuhl to Heaven</span>
  <!----><span data-v-da281390="" class="tw-w-14 tw-text-right tw-opacity-50">04:40</span>
</div>
`;
