// Vitest Snapshot v1

exports[`renders 1`] = `
<article class="item full" draggable="true" tabindex="0" title="IV by Led Zeppelin" data-v-f01bdc56=""><span class="cover" data-testid="album-artist-thumbnail" data-v-e37470a2="" data-v-f01bdc56=""><a class="control control-play" href="" role="button" data-v-e37470a2=""><span class="hidden" data-v-e37470a2="">Play all songs in the album IV</span><span class="icon" data-v-e37470a2=""></span></a></span>
  <footer data-v-f01bdc56="">
    <div class="name" data-v-f01bdc56=""><a href="#/album/42" class="text-normal" data-testid="name">IV</a><a href="#/artist/17">Led Zeppelin</a></div>
    <p class="meta" data-v-f01bdc56=""><a title="Shuffle all songs in the album IV" class="shuffle-album" data-testid="shuffle-album" href="" role="button"> Shuffle </a><a title="Download all songs in the album IV" class="download-album" data-testid="download-album" href="" role="button"> Download </a></p>
  </footer>
</article>
`;
