// Jest Snapshot v1, https://goo.gl/fbAQLP

exports[`components/ui/volume renders properly 1`] = `<span id="volume" class="volume control"><i role="button" tabindex="0" title="Mute" class="fa fa-volume-up mute"></i> <input id="volumeRange" max="10" step="0.1" title="Volume" type="range" class="plyr__volume"></span>`;
