// Vitest Snapshot v1

exports[`renders with current song 1`] = `
<div class="song-info playing" data-v-91ed60f7=""><span style="background-image: url(https://via.placeholder.com/150);" class="album-thumb" data-v-91ed60f7=""></span>
  <div class="meta" data-v-91ed60f7="">
    <h3 class="title" data-v-91ed60f7="">Fahrstuhl zum Mond</h3><a href="/#/artist/10" class="artist" data-v-91ed60f7="">Led Zeppelin</a>
  </div>
</div>
`;

exports[`renders with no current song 1`] = `
<div class="song-info" data-v-91ed60f7=""><span style="background-image: url(undefined/resources/assets/img/covers/default.svg);" class="album-thumb" data-v-91ed60f7=""></span>
  <!--v-if-->
</div>
`;
