// Vitest Snapshot v1

exports[`renders 1`] = `
<div class="other-controls" data-testid="other-controls" data-v-add48cbe="">
  <div class="wrapper" data-v-add48cbe="">
    <!--v-if--><button data-testid="toggle-visualizer-btn" title="Click for a marvelous visualizer!" type="button" data-v-add48cbe="">
      <div class="bars" data-testid="soundbars" data-v-d983e410="" data-v-add48cbe=""><img alt="Sound bars" height="13" src="undefined/resources/assets/img/bars.gif" data-v-d983e410=""></div>
    </button><button title="Like Fahrstuhl to Heaven by Led Zeppelin" class="text-secondary like" data-testid="like-btn" data-v-5d366bb1="" data-v-add48cbe=""><i class="fa fa-heart-o" data-testid="btn-like-unliked" data-v-5d366bb1=""></i></button><button class="active control text-uppercase" data-testid="toggle-extra-panel-btn" title="View song information" type="button" data-v-add48cbe=""> Info </button><a class="queue control" href="#!/queue" data-v-add48cbe=""><i class="fa fa-list-ol" data-v-add48cbe=""></i></a><button class="NO_REPEAT control" title="Change repeat mode (current mode: No Repeat)" data-testid="repeat-mode-switch" type="button" data-v-651f1926="" data-v-add48cbe=""><i class="fa fa-repeat" data-v-651f1926=""></i></button><span id="volume" class="volume control" data-v-add48cbe=""><i class="fa fa-volume-up" role="button" tabindex="0" title="Mute"></i><input id="volumeInput" class="plyr__volume" max="10" role="slider" step="0.1" title="Volume" type="range"></span>
  </div>
</div>
`;
