// Vitest Snapshot v1

exports[`renders 1`] = `
<div data-v-8bf5fe81="" class="extra-controls tw-flex tw-justify-end tw-relative md:tw-w-[320px] tw-px-8 tw-py-0">
  <div data-v-8bf5fe81="" class="tw-flex tw-justify-end tw-items-center tw-gap-6"><button data-v-8bf5fe81="" class="tw-transition-[color] tw-duration-200 tw-ease-in-out tw-text-[var(--color-text-secondary)] hover:tw-text-[var(--color-text-primary)] visualizer-btn tw-hidden md:!tw-block" type="button" data-testid="toggle-visualizer-btn" title="Toggle visualizer"><br data-v-8bf5fe81="" data-testid="Icon" icon="[object Object]"></button>
    <!--v-if--><span data-v-c7afcfc4="" data-v-8bf5fe81="" id="volume" class="muted tw-hidden md:tw-flex tw-relative tw-items-center tw-gap-2"><button data-v-c7afcfc4="" class="tw-transition-[color] tw-duration-200 tw-ease-in-out tw-text-[var(--color-text-secondary)] hover:tw-text-[var(--color-text-primary)]" type="button" tabindex="0" title="Unmute"><br data-v-c7afcfc4="" data-testid="Icon" icon="[object Object]" fixed-width=""></button><button data-v-c7afcfc4="" class="tw-transition-[color] tw-duration-200 tw-ease-in-out tw-text-[var(--color-text-secondary)] hover:tw-text-[var(--color-text-primary)]" type="button" tabindex="0" title="Mute" style="display: none;"><br data-v-c7afcfc4="" data-testid="Icon" icon="[object Object]" fixed-width=""></button><input data-v-c7afcfc4="" class="plyr__volume !tw-w-[120px] before:tw-absolute before:tw-left-0 before:tw-right-0 before:tw-top-[-12px] before:tw-bottom-[-12px]" max="10" role="slider" step="0.1" title="Volume" type="range"></span>
    <!--v-if-->
  </div>
</div>
`;
