// Vitest Snapshot v1, https://vitest.dev/guide/snapshot.html

exports[`settingGroup.vue > renders slots 1`] = `
<article class="flex flex-col gap-4">
  <header>
    <h3 class="text-lg font-semibold text-k-fg">Media Path</h3>
    <!--v-if-->
  </header>
  <div>Main content</div>
  <footer>Save button</footer>
</article>
`;
