// Vitest Snapshot v1

exports[`renders 1`] = `<ul data-v-fa3dce2e=""><br data-v-fa3dce2e="" data-testid="ListItem" is="li" role="contributor" manageable="false" removable="false" collaborator="[object Object]"><br data-v-fa3dce2e="" data-testid="ListItem" is="li" role="contributor" manageable="false" removable="false" collaborator="[object Object]"><br data-v-fa3dce2e="" data-testid="ListItem" is="li" role="contributor" manageable="false" removable="false" collaborator="[object Object]"><br data-v-fa3dce2e="" data-testid="ListItem" is="li" role="contributor" manageable="false" removable="false" collaborator="[object Object]"><br data-v-fa3dce2e="" data-testid="ListItem" is="li" role="contributor" manageable="false" removable="false" collaborator="[object Object]"></ul>`;
