// Vitest Snapshot v1

exports[`renders 1`] = `<div class="song-list-wrap relative flex flex-col flex-1 overflow-auto py-0 px-3 md:p-0" data-testid="song-list" tabindex="0"><br data-testid="song-list-header" content-type="songs"><br data-testid="virtual-scroller" item-height="64" items="[object Object],[object Object],[object Object],[object Object],[object Object]"></div>`;
