// Vitest Snapshot v1

exports[`renders 1`] = `
<div data-v-42061e3e="" class="add-to w-full max-w-[256px] min-w-[200px] p-3 space-y-3" data-testid="add-to-menu" tabindex="0" showing="true">
  <section data-v-42061e3e="" class="existing-playlists">
    <p data-v-42061e3e="" class="mb-2 text-[0.9rem]">Add 5 songs to</p>
    <ul data-v-42061e3e="" class="relative max-h-48 overflow-y-scroll space-y-1.5">
      <li data-v-42061e3e="" data-testid="queue" tabindex="0">Queue</li>
      <li data-v-42061e3e="" class="favorites" data-testid="add-to-favorites" tabindex="0"> Favorites </li>
      <li data-v-42061e3e="" class="playlist" data-testid="add-to-playlist" tabindex="0">Foo</li>
      <li data-v-42061e3e="" class="playlist" data-testid="add-to-playlist" tabindex="0">Bar</li>
      <li data-v-42061e3e="" class="playlist" data-testid="add-to-playlist" tabindex="0">Baz</li>
    </ul>
  </section><button data-v-8943c846="" data-v-42061e3e="" class="text-base text-k-text-primary bg-k-primary px-4 py-2.5 rounded cursor-pointer !w-full !border !border-solid !border-white/20" type="button" transparent=""> New Playlist… </button>
</div>
`;
