// Vitest Snapshot v1

exports[`renders 1`] = `<div class="playing song-item" data-testid="song-item" tabindex="0"><span class="track-number"><i data-v-47e95701=""><span data-v-47e95701=""></span><span data-v-47e95701=""></span><span data-v-47e95701=""></span></i></span><span class="thumbnail"><div data-v-a2b2e00f="" style="background-image: url(undefined/resources/assets/img/covers/default.svg);" class="cover"><img data-v-a2b2e00f="" alt="Test Album" src="https://example.com/cover.jpg" loading="lazy"><a data-v-a2b2e00f="" title="Pause" class="control" role="button"><br data-v-a2b2e00f="" data-testid="Icon" icon="[object Object]" class="text-highlight"></a></div></span><span class="title-artist"><span class="title text-primary">Test Song</span><span class="artist">Test Artist</span></span><span class="album">Test Album</span><span class="time">16:40</span><span class="extra"><button title="Unlike Test Song by Test Artist" type="button"><br data-testid="Icon" icon="[object Object]"></button></span></div>`;
