// Vitest Snapshot v1

exports[`renders 1`] = `
<article data-v-4706720e="" class="success group rounded-l-md cursor-pointer flex items-stretch opacity-90 transition-transform duration-300 origin-right hover:opacity-100 hover:scale-110" title="Click to dismiss">
  <aside data-v-4706720e="" class="flex items-center px-3 py-0 bg-black/10"><br data-v-4706720e="" data-testid="Icon" icon="[object Object]" class="group-hover:hidden"><br data-v-4706720e="" data-testid="Icon" icon="[object Object]" class="hidden group-hover:block"></aside>
  <main data-v-4706720e="" class="flex-1 py-2 pl-3 pr-4"></main>
</article>
`;
